Error type B at Line 1: Missing closing parenthesis ')'
Error type B at Line 2: Missing closing parenthesis ')'
Error type B at Line 3: Missing closing parenthesis ')'
Error type B at Line 4: Missing closing parenthesis ')'
Error type B at Line 4: Missing closing parenthesis ')'
