Program (1)
  ExtDefList (1)
    ExtDef (1)
      Specifier (1)
        TYPE: int
      ExtDecList (1)
        VarDec (1)
          ID: n
      SEMI
    ExtDefList (3)
      ExtDef (3)
        Specifier (3)
          StructSpecifier (3)
            STRUCT
            ID: pair
            LC
            DefList (4)
              Def (4)
                Specifier (4)
                  TYPE: int
                DecList (4)
                  Dec (4)
                    VarDec (4)
                      ID: a
                  COMMA
                  DecList (4)
                    Dec (4)
                      VarDec (4)
                        ID: b
                SEMI
            RC
        SEMI
      ExtDefList (7)
        ExtDef (7)
          Specifier (7)
            TYPE: int
          FunDec (7)
            ID: test_11711111_1
            LP
            RP
          CompSt (7)
            LC
            StmtList (8)
              Stmt (8)
                Exp (8)
                  Exp (8)
                    Exp (8)
                      ID: pair
                    DOT
                    ID: a
                  ASSIGN
                  Exp (8)
                    INT: 1000
                SEMI
              StmtList (9)
                Stmt (9)
                  Exp (9)
                    Exp (9)
                      Exp (9)
                        ID: pair
                      DOT
                      ID: b
                    ASSIGN
                    Exp (9)
                      INT: 0
                  SEMI
                StmtList (10)
                  Stmt (10)
                    RETURN
                    Exp (10)
                      INT: 0
                    SEMI
            RC
