Error type B at line 1: Missing closing brace '}'
