Error type B at Line 2: Missing closing brace '}'
Error type B at Line 3: Missing closing bracket ']'
Error type B at Line 8: Missing closing brace '}'
