Error type A at Line 5: Mysterious lexeme ''\x3FFFF''
Error type A at Line 14: Mysterious lexeme '0x5gg'
