Error type B at line 1: syntax error, unexpected MUL, expecting ID