Program (1)
  ExtDefList (1)
    ExtDef (1)
      Specifier (1)
        TYPE: int
      FunDec (1)
        ID: test_1_r20
        LP
        RP
      CompSt (2)
        LC
        DefList (3)
          Def (3)
            Specifier (3)
              TYPE: char
            DecList (3)
              Dec (3)
                VarDec (3)
                  ID: c
                ASSIGN
                Exp (3)
                  CHAR: '~'
            SEMI
        RC
