Program (1)
  ExtDefList (1)
    ExtDef (1)
      Specifier (1)
        TYPE: int
      FunDec (1)
        ID: main
        LP
        RP
      CompSt (1)
        LC
        StmtList (2)
          Stmt (2)
            IF
            LP
            Exp (2)
              Exp (2)
                ID: a
              GT
              Exp (2)
                ID: b
            RP
            Stmt (2)
              CompSt (2)
                LC
                StmtList (3)
                  Stmt (3)
                    Exp (3)
                      Exp (3)
                        ID: c
                      ASSIGN
                      Exp (3)
                        INT: 1
                    SEMI
                RC
            ELSE
            Stmt (4)
              IF
              LP
              Exp (4)
                Exp (4)
                  ID: a
                LT
                Exp (4)
                  ID: b
              RP
              Stmt (4)
                CompSt (4)
                  LC
                  StmtList (5)
                    Stmt (5)
                      Exp (5)
                        Exp (5)
                          ID: c
                        ASSIGN
                        Exp (5)
                          INT: 2
                      SEMI
                  RC
              ELSE
              Stmt (6)
                CompSt (6)
                  LC
                  StmtList (7)
                    Stmt (7)
                      Exp (7)
                        Exp (7)
                          ID: c
                        ASSIGN
                        Exp (7)
                          INT: 3
                      SEMI
                  RC
        RC
