Error type B at Line 1: Missing closing parenthesis ')'
