Program (1)
  ExtDefList (1)
    ExtDef (1)
      Specifier (1)
        TYPE: int
      FunDec (1)
        ID: partition
        LP
        VarList (1)
          ParamDec (1)
            Specifier (1)
              TYPE: int
            VarDec (1)
              ID: arr
          COMMA
          VarList (1)
            ParamDec (1)
              Specifier (1)
                TYPE: int
              VarDec (1)
                ID: low
            COMMA
            VarList (1)
              ParamDec (1)
                Specifier (1)
                  TYPE: int
                VarDec (1)
                  ID: high
        RP
      CompSt (1)
        LC
        DefList (2)
          Def (2)
            Specifier (2)
              TYPE: int
            DecList (2)
              Dec (2)
                VarDec (2)
                  ID: key
            SEMI
        StmtList (3)
          Stmt (3)
            Exp (3)
              Exp (3)
                ID: key
              ASSIGN
              Exp (3)
                Exp (3)
                  ID: arr
                LB
                Exp (3)
                  ID: low
                RB
            SEMI
          StmtList (5)
            Stmt (5)
              WHILE
              LP
              Exp (5)
                Exp (5)
                  ID: low
                LT
                Exp (5)
                  ID: high
              RP
              Stmt (5)
                CompSt (5)
                  LC
                  StmtList (6)
                    Stmt (6)
                      WHILE
                      LP
                      Exp (6)
                        Exp (6)
                          Exp (6)
                            ID: low
                          LT
                          Exp (6)
                            ID: high
                        AND
                        Exp (6)
                          Exp (6)
                            Exp (6)
                              ID: arr
                            LB
                            Exp (6)
                              ID: high
                            RB
                          GE
                          Exp (6)
                            ID: key
                      RP
                      Stmt (6)
                        CompSt (6)
                          LC
                          StmtList (7)
                            Stmt (7)
                              Exp (7)
                                Exp (7)
                                  ID: high
                                ASSIGN
                                Exp (7)
                                  Exp (7)
                                    ID: high
                                  MINUS
                                  Exp (7)
                                    INT: 1
                              SEMI
                          RC
                    StmtList (9)
                      Stmt (9)
                        IF
                        LP
                        Exp (9)
                          Exp (9)
                            ID: low
                          LT
                          Exp (9)
                            ID: high
                        RP
                        Stmt (9)
                          CompSt (9)
                            LC
                            StmtList (10)
                              Stmt (10)
                                Exp (10)
                                  Exp (10)
                                    Exp (10)
                                      ID: arr
                                    LB
                                    Exp (10)
                                      ID: low
                                    RB
                                  ASSIGN
                                  Exp (10)
                                    Exp (10)
                                      ID: arr
                                    LB
                                    Exp (10)
                                      ID: high
                                    RB
                                SEMI
                              StmtList (11)
                                Stmt (11)
                                  Exp (11)
                                    Exp (11)
                                      ID: low
                                    ASSIGN
                                    Exp (11)
                                      Exp (11)
                                        ID: low
                                      PLUS
                                      Exp (11)
                                        INT: 1
                                  SEMI
                            RC
                      StmtList (13)
                        Stmt (13)
                          WHILE
                          LP
                          Exp (13)
                            Exp (13)
                              Exp (13)
                                ID: low
                              LT
                              Exp (13)
                                ID: high
                            AND
                            Exp (13)
                              Exp (13)
                                Exp (13)
                                  ID: arr
                                LB
                                Exp (13)
                                  ID: low
                                RB
                              LE
                              Exp (13)
                                ID: key
                          RP
                          Stmt (13)
                            CompSt (13)
                              LC
                              StmtList (14)
                                Stmt (14)
                                  Exp (14)
                                    Exp (14)
                                      ID: low
                                    ASSIGN
                                    Exp (14)
                                      Exp (14)
                                        ID: low
                                      PLUS
                                      Exp (14)
                                        INT: 1
                                  SEMI
                              RC
                        StmtList (16)
                          Stmt (16)
                            IF
                            LP
                            Exp (16)
                              Exp (16)
                                ID: low
                              LT
                              Exp (16)
                                ID: high
                            RP
                            Stmt (16)
                              CompSt (16)
                                LC
                                StmtList (17)
                                  Stmt (17)
                                    Exp (17)
                                      Exp (17)
                                        Exp (17)
                                          ID: arr
                                        LB
                                        Exp (17)
                                          ID: high
                                        RB
                                      ASSIGN
                                      Exp (17)
                                        Exp (17)
                                          ID: arr
                                        LB
                                        Exp (17)
                                          ID: low
                                        RB
                                    SEMI
                                  StmtList (18)
                                    Stmt (18)
                                      Exp (18)
                                        Exp (18)
                                          ID: high
                                        ASSIGN
                                        Exp (18)
                                          Exp (18)
                                            ID: high
                                          MINUS
                                          Exp (18)
                                            INT: 1
                                      SEMI
                                RC
                  RC
            StmtList (21)
              Stmt (21)
                Exp (21)
                  Exp (21)
                    Exp (21)
                      ID: arr
                    LB
                    Exp (21)
                      ID: low
                    RB
                  ASSIGN
                  Exp (21)
                    ID: key
                SEMI
              StmtList (22)
                Stmt (22)
                  RETURN
                  Exp (22)
                    ID: low
                  SEMI
        RC
    ExtDefList (25)
      ExtDef (25)
        Specifier (25)
          TYPE: int
        FunDec (25)
          ID: quick_sort
          LP
          VarList (25)
            ParamDec (25)
              Specifier (25)
                TYPE: int
              VarDec (25)
                ID: arr
            COMMA
            VarList (25)
              ParamDec (25)
                Specifier (25)
                  TYPE: int
                VarDec (25)
                  ID: start
              COMMA
              VarList (25)
                ParamDec (25)
                  Specifier (25)
                    TYPE: int
                  VarDec (25)
                    ID: end
          RP
        CompSt (25)
          LC
          DefList (26)
            Def (26)
              Specifier (26)
                TYPE: int
              DecList (26)
                Dec (26)
                  VarDec (26)
                    ID: pos
              SEMI
          StmtList (27)
            Stmt (27)
              IF
              LP
              Exp (27)
                Exp (27)
                  ID: start
                LT
                Exp (27)
                  ID: end
              RP
              Stmt (27)
                CompSt (27)
                  LC
                  StmtList (28)
                    Stmt (28)
                      Exp (28)
                        Exp (28)
                          ID: pos
                        ASSIGN
                        Exp (28)
                          ID: partition
                          LP
                          Args (28)
                            Exp (28)
                              ID: arr
                            COMMA
                            Args (28)
                              Exp (28)
                                ID: start
                              COMMA
                              Args (28)
                                Exp (28)
                                  ID: end
                          RP
                      SEMI
                    StmtList (29)
                      Stmt (29)
                        Exp (29)
                          ID: quick_sort
                          LP
                          Args (29)
                            Exp (29)
                              ID: arr
                            COMMA
                            Args (29)
                              Exp (29)
                                ID: start
                              COMMA
                              Args (29)
                                Exp (29)
                                  Exp (29)
                                    ID: pos
                                  MINUS
                                  Exp (29)
                                    INT: 1
                          RP
                        SEMI
                      StmtList (30)
                        Stmt (30)
                          Exp (30)
                            ID: quick_sort
                            LP
                            Args (30)
                              Exp (30)
                                ID: arr
                              COMMA
                              Args (30)
                                Exp (30)
                                  Exp (30)
                                    ID: pos
                                  PLUS
                                  Exp (30)
                                    INT: 1
                                COMMA
                                Args (30)
                                  Exp (30)
                                    ID: end
                            RP
                          SEMI
                  RC
            StmtList (32)
              Stmt (32)
                RETURN
                Exp (32)
                  INT: 0
                SEMI
          RC
