Error type B at Line 3: Missing exp when if
Error type A at Line 6: unknown lexeme 1_a
