Error type B at Line 5: Missing closing parenthesis ')'
