Error type B at line 4 : Missing COMMA 
Error type B at line 5 : Missing RC
